SPOTTER FREIGHT-RATE DATA AUDIT
All counts and summaries below are computed directly from the supplied CSV files.

========================================================================================
FILE AUDIT: train_test.csv
========================================================================================
shape: 48,000 rows x 14 columns
columns: ['load_id', 'pickup', 'delivery', 'pickup_lat', 'pickup_lon', 'delivery_lat', 'delivery_lon', 'distance', 'equipment', 'weight', 'date', 'market_index', 'quote_signal', 'posted_rate']
dtypes:
load_id          object
pickup           object
delivery         object
pickup_lat      float64
pickup_lon      float64
delivery_lat    float64
delivery_lon    float64
distance        float64
equipment        object
weight          float64
date             object
market_index    float64
quote_signal    float64
posted_rate     float64

first 3 rows:
  load_id       pickup     delivery  pickup_lat  pickup_lon  delivery_lat  delivery_lon  distance equipment  weight       date  market_index  quote_signal  posted_rate
TR-000001     Richmond    Baltimore    38.09122   -76.78906      38.16908     -72.74564     274.3   Dry Van 30658.0 2025-01-01       0.95684       2.39595       645.41
TR-000002     Richmond Philadelphia    38.09122   -76.78906      39.22317     -72.96710     280.5    Reefer 17555.0 2025-01-01       0.97623       2.43355       679.97
TR-000003 Philadelphia    Green Bay    39.22317   -72.96710      44.30296     -87.52871     967.8   Dry Van 31721.0 2025-01-01       1.00971       1.84491      1802.54

missing values:
              missing_count  missing_percent
load_id                   0           0.0000
pickup                    0           0.0000
delivery                  0           0.0000
pickup_lat                0           0.0000
pickup_lon                0           0.0000
delivery_lat              0           0.0000
delivery_lon              0           0.0000
distance                  0           0.0000
equipment                 0           0.0000
weight                  300           0.6250
date                      0           0.0000
market_index            374           0.7792
quote_signal              0           0.0000
posted_rate               0           0.0000

blank/whitespace-only strings: {'load_id': 0, 'pickup': 0, 'delivery': 0, 'equipment': 0, 'date': 0}
non-finite numeric values (excluding NaN): 0

numeric summary:
                   count        mean        std          min         1%          5%         25%         50%         75%         95%         99%         max
pickup_lat   48,000.0000     35.6475     4.3153      28.3576    28.3576     28.7567     31.9869     35.2948     39.4110     43.4380     44.3030     44.3030
pickup_lon   48,000.0000    -90.9290    13.4824    -121.6985  -119.7953   -116.7025    -98.4006    -88.0892    -83.2851    -72.1805    -69.5000    -69.5000
delivery_lat 48,000.0000     35.6412     4.3172      28.3576    28.3576     28.7567     31.9869     35.2948     39.4110     43.4380     44.3030     44.3030
delivery_lon 48,000.0000    -90.8573    13.4766    -121.6985  -119.7953   -116.7025    -98.4006    -87.5287    -83.2851    -72.1805    -69.5000    -69.5000
distance     48,000.0000  1,135.8567   728.5644      70.0000   121.8990    236.1000    550.4000    953.3000  1,645.5250  2,562.3000  3,029.3040  3,439.8000
weight       47,700.0000 31,028.8440 9,391.4406 -47,500.0000 9,801.9600 17,490.9500 25,800.0000 31,436.5000 37,018.0000 44,934.2000 47,500.0000 47,500.0000
market_index 47,626.0000      1.0834     0.1681       0.6764     0.7829      0.8363      0.9497      1.0558      1.2196      1.3660      1.4072      1.4678
quote_signal 48,000.0000      2.0625     0.2914       0.6923     1.3047      1.6061      1.8910      2.0558      2.2217      2.5508      2.8840      3.6103
posted_rate  48,000.0000  2,373.9807 1,486.4932      57.2200   327.1688    599.7385  1,251.5550  2,030.7600  3,330.7500  4,953.7665  5,972.8340 25,533.0000

exact duplicate rows: 0
missing IDs: 0
duplicate IDs: 0

========================================================================================
FILE AUDIT: validation.csv
========================================================================================
shape: 12,000 rows x 13 columns
columns: ['load_id', 'pickup', 'delivery', 'pickup_lat', 'pickup_lon', 'delivery_lat', 'delivery_lon', 'distance', 'equipment', 'weight', 'date', 'market_index', 'quote_signal']
dtypes:
load_id          object
pickup           object
delivery         object
pickup_lat      float64
pickup_lon      float64
delivery_lat    float64
delivery_lon    float64
distance        float64
equipment        object
weight          float64
date             object
market_index    float64
quote_signal    float64

first 3 rows:
  load_id        pickup    delivery  pickup_lat  pickup_lon  delivery_lat  delivery_lon  distance equipment  weight       date  market_index  quote_signal
TE-000001   Baton Rouge      Mobile    30.50134   -92.65374      31.80442     -88.25195     331.4   Flatbed 19958.0 2025-11-01       0.90402       1.86388
TE-000002      Savannah Los Angeles    33.60973   -82.29994      28.56624    -116.70249    2406.2    Reefer 34114.0 2025-11-01       0.92851       1.86240
TE-000003 San Francisco     Raleigh    35.19670  -121.69849      35.37376     -77.47605    2846.6   Dry Van 33435.0 2025-11-01       0.88117       1.95480

missing values:
              missing_count  missing_percent
load_id                   0           0.0000
pickup                    0           0.0000
delivery                  0           0.0000
pickup_lat                0           0.0000
pickup_lon                0           0.0000
delivery_lat              0           0.0000
delivery_lon              0           0.0000
distance                  0           0.0000
equipment                 0           0.0000
weight                  165           1.3750
date                      0           0.0000
market_index            249           2.0750
quote_signal              0           0.0000

blank/whitespace-only strings: {'load_id': 0, 'pickup': 0, 'delivery': 0, 'equipment': 0, 'date': 0}
non-finite numeric values (excluding NaN): 0

numeric summary:
                   count        mean         std          min           1%          5%         25%         50%         75%         95%         99%         max
pickup_lat   12,000.0000     35.5742      4.3670      25.5000      28.3576     28.7567     31.9869     35.2948     39.4110     43.4380     44.3030     44.3030
pickup_lon   12,000.0000    -90.7249     13.4116    -121.6985    -119.7953   -116.7025    -97.2268    -87.5287    -82.7838    -72.1805    -69.5000    -69.5000
delivery_lat 12,000.0000     35.6095      4.3518      25.5000      28.3576     28.7567     32.0093     35.2948     39.4110     43.4380     44.3030     44.3030
delivery_lon 12,000.0000    -90.9135     13.6247    -121.6985    -119.7953   -116.7025    -98.4006    -87.5287    -82.7838    -72.1805    -69.5000    -69.5000
distance     12,000.0000  1,141.7731    732.3338      70.0000     119.3940    234.0900    556.1000    953.6000  1,670.5000  2,592.9300  3,014.1060  3,325.7000
weight       11,835.0000 30,506.6362 10,572.5905 -47,500.0000 -24,820.6600 16,989.0000 25,493.0000 31,193.0000 36,843.5000 44,650.3000 47,500.0000 47,500.0000
market_index 11,751.0000      0.9269      0.0741       0.7236       0.7910      0.8145      0.8639      0.9229      0.9924      1.0409      1.0658      1.0990
quote_signal 12,000.0000      2.0513      0.2198       1.2348       1.5422      1.6917      1.9035      2.0512      2.2000      2.4137      2.5641      2.8963

exact duplicate rows: 0
missing IDs: 0
duplicate IDs: 0

========================================================================================
FILE AUDIT: validation_predictions_template.csv
========================================================================================
shape: 12,000 rows x 2 columns
columns: ['load_id', 'predicted_rate']
dtypes:
load_id            object
predicted_rate    float64

first 3 rows:
  load_id  predicted_rate
TE-000001             NaN
TE-000002             NaN
TE-000003             NaN

missing values:
                missing_count  missing_percent
load_id                     0           0.0000
predicted_rate          12000         100.0000

blank/whitespace-only strings: {'load_id': 0}
non-finite numeric values (excluding NaN): 0

numeric summary:
                count  mean  std  min  1%  5%  25%  50%  75%  95%  99%  max
predicted_rate 0.0000   NaN  NaN  NaN NaN NaN  NaN  NaN  NaN  NaN  NaN  NaN

exact duplicate rows: 0
missing IDs: 0
duplicate IDs: 0

========================================================================================
FILE AUDIT: december_chart_inputs.csv
========================================================================================
shape: 31 rows x 7 columns
columns: ['pickup', 'delivery', 'distance', 'equipment', 'weight', 'date', 'predicted_rate']
dtypes:
pickup             object
delivery           object
distance            int64
equipment          object
weight              int64
date               object
predicted_rate    float64

first 3 rows:
   pickup   delivery  distance equipment  weight       date  predicted_rate
Lexington Fort Wayne       360   Dry Van   32000 2025-12-01             NaN
Lexington Fort Wayne       360   Dry Van   32000 2025-12-02             NaN
Lexington Fort Wayne       360   Dry Van   32000 2025-12-03             NaN

missing values:
                missing_count  missing_percent
pickup                      0           0.0000
delivery                    0           0.0000
distance                    0           0.0000
equipment                   0           0.0000
weight                      0           0.0000
date                        0           0.0000
predicted_rate             31         100.0000

blank/whitespace-only strings: {'pickup': 0, 'delivery': 0, 'equipment': 0, 'date': 0}
non-finite numeric values (excluding NaN): 0

numeric summary:
                 count        mean    std         min          1%          5%         25%         50%         75%         95%         99%         max
distance       31.0000    360.0000 0.0000    360.0000    360.0000    360.0000    360.0000    360.0000    360.0000    360.0000    360.0000    360.0000
weight         31.0000 32,000.0000 0.0000 32,000.0000 32,000.0000 32,000.0000 32,000.0000 32,000.0000 32,000.0000 32,000.0000 32,000.0000 32,000.0000
predicted_rate  0.0000         NaN    NaN         NaN         NaN         NaN         NaN         NaN         NaN         NaN         NaN         NaN

exact duplicate rows: 0

========================================================================================
COLUMN AVAILABILITY
========================================================================================
                train_test.csv  validation.csv  validation_predictions_template.csv  december_chart_inputs.csv
column                                                                                                        
date                      True            True                                False                       True
delivery                  True            True                                False                       True
delivery_lat              True            True                                False                      False
delivery_lon              True            True                                False                      False
distance                  True            True                                False                       True
equipment                 True            True                                False                       True
load_id                   True            True                                 True                      False
market_index              True            True                                False                      False
pickup                    True            True                                False                       True
pickup_lat                True            True                                False                      False
pickup_lon                True            True                                False                      False
posted_rate               True           False                                False                      False
predicted_rate           False           False                                 True                       True
quote_signal              True            True                                False                      False
weight                    True            True                                False                       True

train-only versus validation: ['posted_rate']
validation-only versus train: []
December inputs absent from train feature set: ['delivery_lat', 'delivery_lon', 'market_index', 'pickup_lat', 'pickup_lon', 'quote_signal']

========================================================================================
DATE AUDIT: train_test.csv
========================================================================================
invalid dates: 0
minimum date: 2025-01-01 00:00:00
maximum date: 2025-10-31 00:00:00
unique dates: 304
input is chronological: True
rows per date: min=115, median=157.0, mean=157.89, max=198
rows per month:
date
2025-01    4918
2025-02    4337
2025-03    5036
2025-04    4819
2025-05    4913
2025-06    4783
2025-07    4912
2025-08    4759
2025-09    4670
2025-10    4853
Freq: M

========================================================================================
DATE AUDIT: validation.csv
========================================================================================
invalid dates: 0
minimum date: 2025-11-01 00:00:00
maximum date: 2025-12-31 00:00:00
unique dates: 61
input is chronological: True
rows per date: min=163, median=197.0, mean=196.72, max=227
rows per month:
date
2025-11    5836
2025-12    6164
Freq: M

========================================================================================
DATE AUDIT: december_chart_inputs.csv
========================================================================================
invalid dates: 0
minimum date: 2025-12-01 00:00:00
maximum date: 2025-12-31 00:00:00
unique dates: 31
input is chronological: True
rows per date: min=1, median=1.0, mean=1.00, max=1
rows per month:
date
2025-12    31
Freq: M

========================================================================================
ORDERING AND ID INTEGRITY
========================================================================================
train IDs are complete and sequential: True
validation IDs are complete and sequential: True
template IDs match validation order exactly: True
template and validation ID sets match: True

========================================================================================
VALIDITY CHECKS: train_test.csv
========================================================================================
distance: non-numeric/missing: 0
distance: <= 0: 0
weight: non-numeric/missing: 300
weight: <= 0: 292
market_index: non-numeric/missing: 374
market_index: <= 0: 0
quote_signal: non-numeric/missing: 0
quote_signal: <= 0: 0
posted_rate: non-numeric/missing: 0
posted_rate: <= 0: 0
pickup_lat: outside [-90, 90]: 0
delivery_lat: outside [-90, 90]: 0
pickup_lon: outside [-180, 180]: 0
delivery_lon: outside [-180, 180]: 0

========================================================================================
VALIDITY CHECKS: validation.csv
========================================================================================
distance: non-numeric/missing: 0
distance: <= 0: 0
weight: non-numeric/missing: 165
weight: <= 0: 145
market_index: non-numeric/missing: 249
market_index: <= 0: 0
quote_signal: non-numeric/missing: 0
quote_signal: <= 0: 0
pickup_lat: outside [-90, 90]: 0
delivery_lat: outside [-90, 90]: 0
pickup_lon: outside [-180, 180]: 0
delivery_lon: outside [-180, 180]: 0

========================================================================================
INVALID-VALUE PATTERN EVIDENCE
========================================================================================
train absolute negative-weight quantiles:
0.00    5,000.00
0.01   13,093.53
0.25   25,928.50
0.50   31,821.50
0.75   37,284.25
0.99   47,500.00
1.00   47,500.00
train valid positive-weight quantiles:
0.00    5,000.00
0.01   12,476.14
0.25   25,922.00
0.50   31,493.50
0.75   37,063.00
0.99   47,500.00
1.00   47,500.00
train missing market_index by month:
_month
2025-01    36
2025-02    36
2025-03    44
2025-04    31
2025-05    43
2025-06    42
2025-07    36
2025-08    33
2025-09    31
2025-10    42
Freq: M
validation absolute negative-weight quantiles:
0.00    8,229.00
0.01   12,778.76
0.25   26,289.00
0.50   32,517.00
0.75   37,679.00
0.99   47,500.00
1.00   47,500.00
validation valid positive-weight quantiles:
0.00    5,000.00
0.01   12,515.48
0.25   25,746.50
0.50   31,323.50
0.75   36,922.00
0.99   47,500.00
1.00   47,500.00
validation missing market_index by month:
_month
2025-11    115
2025-12    134
Freq: M
development target by weight-quality status:
               count     mean   median       max
weight_status                                   
missing          300 2,350.67 1,984.99  6,546.69
negative         292 2,389.79 1,994.96 14,561.21
valid          47408 2,374.03 2,031.44 25,533.00

========================================================================================
TARGET-TAIL AUDIT
========================================================================================
0.000       57.22
0.010      327.17
0.500    2,030.76
0.950    4,953.77
0.990    5,972.83
0.995    6,510.97
1.000   25,533.00
ten largest posted rates (retained because they are positive and not provably invalid):
  load_id      pickup      delivery  distance equipment       date  posted_rate
TR-012185 Bakersfield      Hartford    2829.8   Dry Van 2025-03-19     25533.00
TR-037765     Phoenix      Syracuse    2810.9   Dry Van 2025-08-27     24294.98
TR-001467 Los Angeles      Syracuse    2786.0    Reefer 2025-01-10     24140.21
TR-017372        Reno  Philadelphia    2777.6    Reefer 2025-04-20     23662.71
TR-026236  Charleston       Phoenix    2552.5   Dry Van 2025-06-15     23580.42
TR-028220      Tucson       Raleigh    2423.3   Dry Van 2025-06-27     22755.66
TR-003354     Phoenix    Charleston    2527.9    Reefer 2025-01-22     22534.65
TR-040172  Montgomery        Fresno    2283.4   Dry Van 2025-09-11     20361.89
TR-040097   Baltimore Oklahoma City    1760.3    Reefer 2025-09-11     20132.37
TR-047299      Boston   Bakersfield    2979.1    Reefer 2025-10-27     19110.30

========================================================================================
DUPLICATION BEYOND LOAD ID
========================================================================================
train duplicate feature rows (ignoring load_id and target): 0
train duplicate feature+target rows (ignoring load_id): 0
validation duplicate feature rows (ignoring load_id): 0

========================================================================================
LANE AND CATEGORY COVERAGE
========================================================================================
unique train lanes: 4,014
unique validation lanes: 4,214
shared lanes: 3,478
validation-only lanes: 736
validation rows on unseen lanes: 1,461
   column  train_unique  validation_unique  shared_unique  validation_only_count                                                               validation_only_values
   pickup            64                 72             64                      8 Allentown | Charlotte | Chicago | Jackson | Knoxville | Laredo | Norfolk | San Diego
 delivery            64                 72             64                      8 Allentown | Charlotte | Chicago | Jackson | Knoxville | Laredo | Norfolk | San Diego
equipment             3                  3              3                      0                                                                                     

========================================================================================
NUMERIC DISTRIBUTION SHIFT: TRAIN VS VALIDATION
========================================================================================
     feature   train_mean  validation_mean  train_median  validation_median  standardized_mean_shift  validation_below_train_min  validation_above_train_max
  pickup_lat     35.64754         35.57422      35.29479           35.29479                 -0.01699                          89                           0
  pickup_lon    -90.92896        -90.72488     -88.08915          -87.52871                  0.01514                           0                           0
delivery_lat     35.64117         35.60954      35.29479           35.29479                 -0.00733                         106                           0
delivery_lon    -90.85731        -90.91353     -87.52871          -87.52871                 -0.00417                           0                           0
    distance  1,135.85665      1,141.77310     953.30000          953.60000                  0.00812                           0                           0
      weight 31,028.84400     30,506.63625  31,436.50000       31,193.00000                 -0.05561                           0                           0
market_index      1.08339          0.92691       1.05580            0.92290                 -0.93090                           0                           0
quote_signal      2.06247          2.05133       2.05575            2.05123                 -0.03821                           0                           0

========================================================================================
COORDINATE AND DISTANCE CONSISTENCY
========================================================================================
train great-circle distance comparison:
count   48,000.0000
mean         1.1947
std          0.1435
min          1.0581
1%           1.1296
5%           1.1432
50%          1.1822
95%          1.2729
99%          1.4039
max          9.6350
train rows with reported distance below great-circle distance: 0
train Pearson correlation (reported vs great-circle): 0.999535
validation great-circle distance comparison:
count   12,000.0000
mean         1.2179
std          1.2426
min          1.0988
1%           1.1283
5%           1.1431
50%          1.1822
95%          1.2764
99%          1.4138
max         78.5007
validation rows with reported distance below great-circle distance: 0
validation Pearson correlation (reported vs great-circle): 0.999540
pickup: cities mapping to more than one coordinate pair: 0
delivery: cities mapping to more than one coordinate pair: 0
coordinate-inconsistent city labels: []

========================================================================================
TARGET ASSOCIATIONS
========================================================================================
               pearson  spearman
posted_rate   1.000000  1.000000
distance      0.908519  0.975969
delivery_lon -0.257086 -0.199305
pickup_lon   -0.255058 -0.196526
delivery_lat -0.091970 -0.114916
pickup_lat   -0.090873 -0.112080
quote_signal -0.039858 -0.039912
weight        0.034840  0.041676
market_index  0.034165  0.031505

posted_rate by equipment:
           count     mean   median      std
equipment                                  
Dry Van    27202 2,271.55 1,953.04 1,423.03
Reefer     12045 2,553.64 2,196.67 1,589.67
Flatbed     8753 2,445.09 2,076.81 1,505.05

posted_rate by pickup:
                count     mean   median      std
pickup                                          
Oklahoma City    1242 2,219.08 2,138.89 1,078.33
Lexington        1209 1,824.14 1,374.59 1,367.97
Bakersfield      1193 3,519.37 3,804.88 1,665.39
Fort Wayne       1170 1,996.96 1,711.43 1,185.80
Hartford         1150 2,671.39 2,228.70 1,654.83
Richmond         1140 2,288.46 1,746.70 1,529.49
Nashville        1124 1,761.97 1,435.71 1,167.92
Phoenix          1121 3,764.77 3,935.62 1,791.93
Baton Rouge      1115 2,105.06 1,902.94 1,138.60
Mobile           1094 1,949.80 1,669.68 1,280.06
Cincinnati       1080 1,775.17 1,436.26 1,147.24
Shreveport       1062 1,935.90 1,744.22   975.64
Kansas City      1053 1,903.47 1,740.57 1,021.91
Columbia         1049 1,940.08 1,561.40 1,368.28
Atlanta          1029 1,788.59 1,411.05 1,463.68
San Antonio       972 2,390.51 2,341.29 1,005.11
Philadelphia      946 2,502.42 2,081.89 1,556.69
Los Angeles       945 3,729.64 3,996.61 1,790.55
Milwaukee         944 1,858.55 1,594.22 1,250.31
Tucson            944 3,311.00 3,535.99 1,615.26
Syracuse          907 2,410.29 1,969.92 1,401.46
Montgomery        884 2,075.79 1,798.77 1,376.29
Greensboro        865 1,901.18 1,459.42 1,398.19
Memphis           852 1,753.73 1,555.27   998.58
Charleston        848 2,277.51 1,750.36 1,561.43
Grand Rapids      844 2,025.84 1,796.47 1,207.97
Amarillo          836 2,603.81 2,502.75   996.01
Fresno            827 3,878.91 4,160.28 1,561.47
New York          816 2,519.59 2,093.03 1,535.47
Albany            811 2,983.33 2,542.36 1,636.13
Lubbock           796 2,436.78 2,413.44   983.25
El Paso           768 3,110.56 3,111.61 1,471.73
Chattanooga       745 1,722.94 1,444.58 1,166.38
Toledo            745 2,015.14 1,688.91 1,263.29
Buffalo           738 2,175.70 1,635.56 1,399.51
Houston           723 2,085.43 1,924.78 1,064.36
Jacksonville      666 2,100.73 1,821.92 1,347.26
Green Bay         662 2,238.06 2,047.11 1,179.73
Reno              642 3,765.39 3,836.93 1,559.95
Tulsa             633 2,007.82 1,896.46   965.01
Raleigh           607 2,205.34 1,621.68 1,408.37
Boston            603 2,953.64 2,486.75 1,859.47
Corpus Christi    596 2,330.31 2,288.91 1,089.74
Albuquerque       581 2,871.88 2,899.76 1,345.27
Harrisburg        574 2,181.89 1,573.53 1,447.30
Dayton            543 1,814.62 1,541.54 1,137.89
Tampa             542 2,185.80 1,958.49 1,077.11
Indianapolis      539 1,763.49 1,478.96 1,151.03
Madison           499 1,952.63 1,879.23   956.66
Savannah          488 2,013.48 1,613.63 1,334.07
Baltimore         478 2,740.63 2,180.30 1,927.13
Little Rock       457 1,878.02 1,588.01 1,070.59
San Francisco     453 4,071.21 4,301.81 1,486.81
Providence        425 3,134.07 2,603.08 1,795.58
Salt Lake City    394 3,144.76 3,316.26 1,310.32
Austin            393 2,375.78 2,328.57 1,052.94
New Orleans       385 1,995.12 1,794.23 1,061.81
Birmingham        364 1,852.80 1,573.36 1,158.11
Louisville        344 1,792.74 1,543.56 1,119.10
Detroit           337 2,130.42 1,815.99 1,146.03
Washington        337 2,279.69 1,679.90 1,668.36
St. Louis         318 1,929.98 1,735.78 1,299.12
Las Vegas         277 3,292.82 3,633.06 1,585.96
Dallas            276 2,143.42 1,907.03 1,394.43

posted_rate by delivery:
                count     mean   median      std
delivery                                        
Lexington        1197 1,825.93 1,391.98 1,244.45
Fort Wayne       1176 1,981.88 1,700.17 1,205.33
Baton Rouge      1167 2,109.52 1,939.01 1,110.02
Bakersfield      1156 3,532.20 3,742.53 1,622.43
Hartford         1143 2,687.00 2,248.05 1,773.53
Oklahoma City    1140 2,332.68 2,224.92 1,209.97
Richmond         1109 2,231.71 1,691.98 1,500.92
Atlanta          1096 1,796.18 1,475.73 1,242.56
Phoenix          1090 3,751.47 3,921.98 1,828.65
Mobile           1089 1,957.16 1,769.32 1,171.99
Cincinnati       1084 1,743.25 1,401.65 1,209.22
Columbia         1071 1,905.37 1,523.87 1,335.29
Nashville        1064 1,777.24 1,512.99 1,291.95
Tucson            997 3,363.19 3,591.79 1,470.98
Shreveport        983 2,061.16 1,799.01 1,221.46
Kansas City       980 1,869.41 1,743.10   951.93
San Antonio       965 2,342.24 2,345.01 1,018.57
Philadelphia      959 2,522.04 2,077.58 1,752.36
Los Angeles       955 3,742.25 4,046.09 1,538.01
Syracuse          926 2,469.81 1,927.73 1,730.01
Memphis           912 1,830.10 1,554.51 1,224.32
Montgomery        903 1,943.60 1,762.20 1,166.62
Grand Rapids      894 2,002.38 1,782.99 1,145.03
Milwaukee         859 1,776.72 1,537.19 1,107.47
Charleston        851 2,110.73 1,605.32 1,492.37
Amarillo          850 2,651.61 2,557.74 1,112.78
New York          833 2,510.91 2,095.89 1,557.92
Albany            812 2,967.73 2,559.39 1,600.67
Greensboro        804 1,911.99 1,460.49 1,305.81
El Paso           769 3,008.98 3,089.55 1,286.58
Fresno            763 3,865.38 4,140.17 1,870.41
Lubbock           754 2,479.42 2,398.35 1,267.96
Buffalo           753 2,306.25 1,724.06 1,517.72
Jacksonville      746 2,127.29 1,769.61 1,405.51
Houston           718 2,148.04 2,056.16 1,086.78
Toledo            710 2,025.94 1,681.42 1,255.51
Chattanooga       708 1,764.64 1,487.95 1,076.86
Green Bay         660 2,176.21 2,010.84 1,032.49
Raleigh           656 2,222.07 1,653.18 1,594.48
Reno              653 3,679.87 3,783.88 1,478.61
Tulsa             647 1,935.63 1,781.06   934.72
Dayton            622 1,828.95 1,503.69 1,212.69
Boston            619 2,998.41 2,570.38 1,653.98
Corpus Christi    593 2,337.24 2,352.63   968.34
Albuquerque       572 2,962.71 2,931.23 1,347.63
Tampa             553 2,275.44 2,037.74 1,098.05
Indianapolis      553 1,786.06 1,546.10 1,146.75
Harrisburg        540 2,264.58 1,694.93 1,472.55
Savannah          528 2,009.48 1,597.45 1,359.71
Baltimore         488 2,699.15 2,218.39 1,945.77
Little Rock       471 2,006.42 1,756.55 1,147.14
San Francisco     467 4,064.47 4,356.60 1,458.06
Madison           457 1,996.63 1,879.91 1,040.75
Austin            441 2,338.27 2,347.12 1,023.49
Providence        415 2,940.20 2,522.54 1,557.42
Salt Lake City    406 3,164.35 3,316.06 1,472.75
New Orleans       373 1,912.30 1,688.33   970.65
Louisville        367 1,781.02 1,493.03 1,138.70
Washington        366 2,240.33 1,698.75 1,482.89
St. Louis         344 1,796.77 1,610.00 1,049.95
Birmingham        318 1,818.26 1,592.40 1,173.43
Detroit           307 2,125.83 1,753.29 1,373.52
Dallas            306 1,987.34 1,823.21 1,040.95
Las Vegas         292 3,428.38 3,707.76 1,531.34

========================================================================================
DERIVED TARGET DIAGNOSTICS
========================================================================================
posted_rate / distance summary:
count   48,000.0000
mean         2.2153
std          0.5839
min          0.3337
1%           1.6735
5%           1.8075
50%          2.1453
95%          2.7359
99%          3.1769
max         14.1253
correlation of rate_per_mile with distance: -0.334601
correlation of rate_per_mile with market_index: 0.083478
correlation of rate_per_mile with quote_signal: 0.049342
correlation of daily mean posted_rate with calendar time: 0.270538

========================================================================================
TIME-PERIOD RELATIONSHIP
========================================================================================
train ends before validation starts: True
gap between train end and validation start: 0 days
December chart dates overlap validation period: True
CONCLUSION FOR SPLITTING: because rows are chronological and final inference is on strictly later dates, a chronological holdout is the closest honest simulation of deployment.

========================================================================================
ARTIFACTS WRITTEN
========================================================================================
output\eda\categorical_overlap.csv
output\eda\column_availability.csv
output\eda\exploration.log
output\eda\numeric_correlation_matrix.csv
output\eda\numeric_distribution_shift.csv
output\eda\numeric_target_correlations.csv
output\eda\target_by_delivery.csv
output\eda\target_by_equipment.csv
output\eda\target_by_equipment.png
output\eda\target_by_pickup.csv
output\eda\target_over_time.png
